[]
[1, 2, 3]
[1, [2], [[3]]]
0
3
[1, 2, 3, 4]
4
2
2
[4, 8, 7]
5
4
-4
-4
[4, True, False, [1, 4, 2, 8, 5, 7, [1, 4], [2, 8], [5, 7]]]
[1, 4, 2, 8, 5, 7, [1, 4], [2, 8], [5, 7], 1, 4, 2, 8, 5, 7]
15
42
66
[4, 60, 42]
True
True
-531
5
[10, True, False]
